[perfect-coins.ltd/indexbc14.html]
[backblue.gif]
[fade.gif]
[index.html]
[perfect-coins.ltd/images/favicon.ico]
[perfect-coins.ltd/css/bootstrap.min.css]
[perfect-coins.ltd/css/magnific-popup/magnific-popup.css]
[perfect-coins.ltd/css/owl-carousel/owl.carousel.css]
[perfect-coins.ltd/css/animate.css]
[perfect-coins.ltd/css/font-awesome.css]
[perfect-coins.ltd/css/ionicons.min.css]
[perfect-coins.ltd/css/flaticon.css]
[perfect-coins.ltd/css/shop.css]
[perfect-coins.ltd/revslider/css/settings.css]
[perfect-coins.ltd/css/style.css]
[perfect-coins.ltd/css/responsive.css]
[perfect-coins.ltd/bb/btclogo4.png]
[perfect-coins.ltd/revslider/assets/transparent.png]
[perfect-coins.ltd/index058e.html]
[perfect-coins.ltd/index38cd.html]
[perfect-coins.ltd/indexd233.html]
[perfect-coins.ltd/index15a0.html]
[perfect-coins.ltd/revslider/assets/607ef-12.png]
[perfect-coins.ltd/indexcca3.html]
[perfect-coins.ltd/revslider/assets/57b4d-13.png]
[perfect-coins.ltd/indexc30b.html]
[perfect-coins.ltd/revslider/assets/b78ec-04.jpg]
[perfect-coins.ltd/revslider/assets/04c8d-05.png]
[perfect-coins.ltd/revslider/assets/0dd17-06.png]
[widgets.coingecko.com/coingecko-coin-price-marquee-widget.js]
[perfect-coins.ltd/bb/004.webp]
[perfect-coins.ltd/doc/business_profile.docx]
[perfect-coins.ltd/images/services/icon/01.png]
[perfect-coins.ltd/images/services/icon/02.png]
[perfect-coins.ltd/images/services/icon/03.png]
[perfect-coins.ltd/bb/a11.png]
[perfect-coins.ltd/images/services/icon/04.png]
[perfect-coins.ltd/images/services/icon/05.png]
[perfect-coins.ltd/images/services/icon/06.png]
[perfect-coins.ltd/images/particles.png]
[perfect-coins.ltd/bb/star.png]
[perfect-coins.ltd/images/bg/bg-13.jpg]
[www.cryptonator.com/ui/js/widget/calc_widget.js]
[perfect-coins.ltd/images/WhatsAppVideo.mp4]
[perfect-coins.ltd/images/feature/01.jpg]
[s3.tradingview.com/external-embedding/embed-widget-forex-cross-rates.js]
[perfect-coins.ltd/images/about-us/about-img2.png]
[perfect-coins.ltd/images/coin/01.png]
[perfect-coins.ltd/images/coin/02.png]
[perfect-coins.ltd/images/coin/03.png]
[perfect-coins.ltd/images/coin/04.png]
[perfect-coins.ltd/images/coin/05.png]
[perfect-coins.ltd/images/coin/06.png]
[perfect-coins.ltd/bb/ax01.png]
[perfect-coins.ltd/bb/ax02.png]
[perfect-coins.ltd/bb/ax03.png]
[perfect-coins.ltd/bb/ax04.png]
[expert-coins.ltd/bb/ssponsorlogo.png]
[expert-coins.ltd/bb/GeForce-logo.png]
[expert-coins.ltd/bb/blocklogo.png]
[expert-coins.ltd/bb/paypal.png]
[perfect-coins.ltd/js/jquery-min.js]
[perfect-coins.ltd/js/popper.min.js]
[perfect-coins.ltd/js/bootstrap.min.js]
[perfect-coins.ltd/js/widget.js]
[perfect-coins.ltd/js/all-plugins.js]
[perfect-coins.ltd/js/particles.js]
[perfect-coins.ltd/revslider/js/jquery.themepunch.tools.min.js]
[perfect-coins.ltd/revslider/js/jquery.themepunch.revolution.min.js]
[perfect-coins.ltd/revslider/js/extensions/revolution.extension.actions.min.js]
[perfect-coins.ltd/revslider/js/extensions/revolution.extension.carousel.min.js]
[perfect-coins.ltd/revslider/js/extensions/revolution.extension.kenburn.min.js]
[perfect-coins.ltd/revslider/js/extensions/revolution.extension.layeranimation.min.js]
[perfect-coins.ltd/revslider/js/extensions/revolution.extension.migration.min.js]
[perfect-coins.ltd/revslider/js/extensions/revolution.extension.navigation.min.js]
[perfect-coins.ltd/revslider/js/extensions/revolution.extension.parallax.min.js]
[perfect-coins.ltd/revslider/js/extensions/revolution.extension.slideanims.min.js]
[perfect-coins.ltd/revslider/js/extensions/revolution.extension.video.min.js]
[perfect-coins.ltd/js/custom.js]
[perfect-coins.ltd/indexbc14.html]
[perfect-coins.ltd/css/bootstrap.min.css]
[perfect-coins.ltd/css/magnific-popup/magnific-popup.css]
[perfect-coins.ltd/css/owl-carousel/owl.video.play.html]
[perfect-coins.ltd/css/owl-carousel/owl.carousel.css]
[perfect-coins.ltd/css/animate.css]
[perfect-coins.ltd/fonts/fontawesome-webfont3e6e3e6e.eot]
[perfect-coins.ltd/fonts/fontawesome-webfontd41dd41d.eot]
[perfect-coins.ltd/fonts/fontawesome-webfont3e6e3e6e.woff2]
[perfect-coins.ltd/fonts/fontawesome-webfont3e6e3e6e.woff]
[perfect-coins.ltd/fonts/fontawesome-webfont3e6e3e6e.ttf]
[perfect-coins.ltd/css/font-awesome.css]
[perfect-coins.ltd/fonts/fontawesome-webfont3e6e3e6e.svg]
[perfect-coins.ltd/fonts/ionicons790f790f.eot]
[perfect-coins.ltd/fonts/ionicons790f790f.ttf]
[perfect-coins.ltd/fonts/ionicons790f790f.woff]
[perfect-coins.ltd/css/ionicons.min.css]
[perfect-coins.ltd/fonts/ionicons790f790f.svg]
[perfect-coins.ltd/fonts/Flaticon.eot]
[perfect-coins.ltd/fonts/Flaticond41dd41d.eot]
[perfect-coins.ltd/fonts/Flaticon.woff]
[perfect-coins.ltd/fonts/Flaticon.ttf]
[perfect-coins.ltd/css/flaticon.css]
[perfect-coins.ltd/css/shop.css]
[perfect-coins.ltd/revslider/fonts/revicons/revicons90c690c6.eot]
[perfect-coins.ltd/fonts/Flaticon.svg]
[perfect-coins.ltd/revslider/fonts/revicons/revicons90c690c6.woff]
[perfect-coins.ltd/revslider/fonts/revicons/revicons90c690c6.ttf]
[perfect-coins.ltd/revslider/fonts/revicons/revicons90c690c6.svg]
[perfect-coins.ltd/revslider/css/openhand.html]
[perfect-coins.ltd/revslider/css/closedhand.html]
[perfect-coins.ltd/revslider/assets/gridtile.html]
[perfect-coins.ltd/revslider/assets/gridtile_white.html]
[perfect-coins.ltd/revslider/assets/gridtile_3x3.html]
[perfect-coins.ltd/revslider/assets/gridtile_3x3_white.html]
[perfect-coins.ltd/revslider/assets/coloredbg.png]
[perfect-coins.ltd/revslider/assets/loader.gif]
[perfect-coins.ltd/revslider/css/settings.css]
[perfect-coins.ltd/images/banner/02.png]
[perfect-coins.ltd/images/arrow/dashed-arrow1.png]
[perfect-coins.ltd/images/feedback/01.jpg]
[perfect-coins.ltd/images/feedback/02.jpg]
[perfect-coins.ltd/images/feedback/03.jpg]
[perfect-coins.ltd/css/style.css]
[perfect-coins.ltd/css/responsive.css]
[perfect-coins.ltd/css/custom.css]
[perfect-coins.ltd/images/bg/bg-2.jpg]
[perfect-coins.ltd/indexd233.html]
[perfect-coins.ltd/indexda66.html]
[perfect-coins.ltd/bb/af01.png]
[perfect-coins.ltd/bb/af02.png]
[perfect-coins.ltd/bb/af03.png]
[perfect-coins.ltd/index058e.html]
[perfect-coins.ltd/index38cd.html]
[perfect-coins.ltd/index15a0.html]
[perfect-coins.ltd/u/bootstrap/css/bootstrap.min.css]
[perfect-coins.ltd/u/assets/css/plugins.css]
[perfect-coins.ltd/u/assets/css/authentication/form-2.css]
[perfect-coins.ltd/u/assets/css/forms/theme-checkbox-radio.css]
[perfect-coins.ltd/u/assets/css/forms/switches.css]
[perfect-coins.ltd/bb/003.webp]
[perfect-coins.ltd/indexa972.html]
[perfect-coins.ltd/u/assets/js/libs/jquery-3.1.1.min.js]
[perfect-coins.ltd/u/bootstrap/js/popper.min.js]
[perfect-coins.ltd/u/bootstrap/js/bootstrap.min.js]
[perfect-coins.ltd/u/assets/js/authentication/form-2.js]
[perfect-coins.ltd/indexcca3.html]
[perfect-coins.ltd/indexc30b.html]
[perfect-coins.ltd/team-details.html]
[perfect-coins.ltd/css/owl-carousel/owl.video.play.html]
[perfect-coins.ltd/fonts/fontawesome-webfont3e6e3e6e.svg]
[perfect-coins.ltd/fonts/ionicons790f790f.svg]
[perfect-coins.ltd/fonts/Flaticon.svg]
[pro.fontawesome.com/releases/v5.10.0/css/all.css]
[perfect-coins.ltd/revslider/fonts/revicons/revicons90c690c6.svg]
[perfect-coins.ltd/revslider/css/openhand.html]
[perfect-coins.ltd/revslider/css/closedhand.html]
[perfect-coins.ltd/revslider/assets/gridtile.html]
[perfect-coins.ltd/revslider/assets/gridtile_white.html]
[perfect-coins.ltd/revslider/assets/gridtile_3x3.html]
[perfect-coins.ltd/revslider/assets/gridtile_3x3_white.html]
[perfect-coins.ltd/indexda66.html]
[perfect-coins.ltd/home-1.html]
[perfect-coins.ltd/images/ajax-loader.html]
[perfect-coins.ltd/img/favicon.html]
[perfect-coins.ltd/u/bootstrap/css/bootstrap.min.css]
[perfect-coins.ltd/index8083.html]
[perfect-coins.ltd/u/assets/css/main.css]
[perfect-coins.ltd/u/plugins/perfect-scrollbar/perfect-scrollbar.css]
[perfect-coins.ltd/u/assets/css/structure.css]
[perfect-coins.ltd/u/plugins/highlight/styles/monokai-sublime.css]
[perfect-coins.ltd/u/assets/css/plugins.css]
[perfect-coins.ltd/u/assets/css/authentication/form-2.css]
[perfect-coins.ltd/u/assets/css/forms/theme-checkbox-radio.css]
[perfect-coins.ltd/u/assets/css/forms/switches.css]
[perfect-coins.ltd/u/dashboard/assets/css/icons.css]
[perfect-coins.ltd/u/dashboard/assets/plugins/morris.js/morris.css]
[perfect-coins.ltd/u/dashboard/assets/css/sidemenu.css]
[perfect-coins.ltd/u/dashboard/assets/plugins/sidebar/sidebar.css]
[perfect-coins.ltd/u/dashboard/assets/plugins/jquery-nice-select/css/nice-select.css]
[perfect-coins.ltd/u/dashboard/assets/plugins/flag-icon-css/css/flag-icon.min.css]
[perfect-coins.ltd/u/dashboard/assets/plugins/jquery-countdown/countdown.css]
[perfect-coins.ltd/u/dashboard/assets/plugins/newsticker/jquery.jConveyorTicker.css]
[perfect-coins.ltd/u/dashboard/assets/css/skin-modes.css]
[perfect-coins.ltd/u/dashboard/assets/css/style.css]
[perfect-coins.ltd/u/dashboard/assets/css/style-dark.css]
[perfect-coins.ltd/u/dashboard/assets/css/animate.css]
[perfect-coins.ltd/u/dashboard/images/uicon.png]
[perfect-coins.ltd/index035c.html]
[perfect-coins.ltd/index2017.html]
[perfect-coins.ltd/index489c.html]
[perfect-coins.ltd/u/dashboard/assets/plugins/jquery/jquery.min.js]
[perfect-coins.ltd/indexcc36.html]
[perfect-coins.ltd/index0f73.html]
[perfect-coins.ltd/index57aa.html]
[perfect-coins.ltd/u/dashboard/assets/plugins/jquery-ui/ui/widgets/datepicker.js]
[perfect-coins.ltd/index8037.html]
[perfect-coins.ltd/index0c91.html]
[perfect-coins.ltd/u/dashboard/assets/plugins/bootstrap/js/bootstrap.bundle.min.js]
[perfect-coins.ltd/u/dashboard/assets/plugins/ionicons/ionicons.js]
[perfect-coins.ltd/u/dashboard/assets/plugins/moment/moment.js]
[perfect-coins.ltd/u/dashboard/assets/plugins/chart.js/Chart.bundle.min.js]
[perfect-coins.ltd/u/dashboard/assets/plugins/raphael/raphael.min.js]
[perfect-coins.ltd/u/dashboard/assets/plugins/peity/jquery.peity.min.js]
[perfect-coins.ltd/u/dashboard/assets/plugins/jquery-sparkline/jquery.sparkline.min.js]
[perfect-coins.ltd/u/dashboard/assets/plugins/perfect-scrollbar/perfect-scrollbar.min.js]
[perfect-coins.ltd/u/dashboard/assets/plugins/perfect-scrollbar/p-scroll.js]
[perfect-coins.ltd/u/dashboard/assets/plugins/jquery.flot/jquery.flot.js]
[perfect-coins.ltd/u/dashboard/assets/plugins/jquery.flot/jquery.flot.pie.js]
[perfect-coins.ltd/u/dashboard/assets/plugins/jquery.flot/jquery.flot.resize.js]
[perfect-coins.ltd/u/dashboard/assets/plugins/jquery.flot/jquery.flot.categories.js]
[perfect-coins.ltd/u/dashboard/assets/js/dashboard.sampledata.js]
[perfect-coins.ltd/u/dashboard/assets/plugins/newsticker/jquery.jConveyorTicker.js]
[perfect-coins.ltd/u/dashboard/assets/js/eva-icons.min.js]
[perfect-coins.ltd/u/dashboard/assets/plugins/side-menu/sidemenu.js]
[perfect-coins.ltd/u/dashboard/assets/plugins/sidebar/sidebar.js]
[perfect-coins.ltd/u/dashboard/assets/plugins/sidebar/sidebar-custom.js]
[perfect-coins.ltd/u/dashboard/assets/plugins/rating/jquery.rating-stars.js]
[perfect-coins.ltd/u/dashboard/assets/plugins/rating/jquery.barrating.js]
[perfect-coins.ltd/u/dashboard/assets/plugins/jquery-nice-select/js/jquery.nice-select.js]
[perfect-coins.ltd/u/dashboard/assets/js/sticky.js]
[perfect-coins.ltd/u/dashboard/assets/js/custom.js]
[perfect-coins.ltd/indexa972.html]
[pro.fontawesome.com/releases/v5.10.0/css/all.css]
[perfect-coins.ltd/index8083.html]
[widgets.bitcoin.com/widget.js]
[perfect-coins.ltd/u/assets/img/arrow-down.png]
[perfect-coins.ltd/u/assets/css/main.css]
[perfect-coins.ltd/u/plugins/perfect-scrollbar/perfect-scrollbar.css]
[perfect-coins.ltd/u/assets/css/structure.css]
[perfect-coins.ltd/u/plugins/highlight/styles/monokai-sublime.css]
[perfect-coins.ltd/bb/ethpng.html]
[perfect-coins.ltd/index.html]
[perfect-coins.ltd/u/dashboard/assets/plugins/fontawesome-free/css/all.min.css]
[perfect-coins.ltd/u/dashboard/assets/plugins/ionicons/css/ionicons.min.css]
[perfect-coins.ltd/u/dashboard/assets/plugins/typicons.font/typicons.css]
[perfect-coins.ltd/u/dashboard/assets/plugins/materialdesignicons/materialdesignicons.css]
[perfect-coins.ltd/u/dashboard/assets/plugins/themify/themify.css]
[perfect-coins.ltd/u/dashboard/assets/plugins/feather/feather.css]
[perfect-coins.ltd/u/dashboard/assets/plugins/cryptofont/css/cryptofont.min.css]
[perfect-coins.ltd/u/dashboard/assets/plugins/line-awesome/css/line-awesome.css]
[perfect-coins.ltd/u/dashboard/assets/plugins/simple-line-icons/simple-line-icons.css]
[perfect-coins.ltd/u/dashboard/assets/css/icons.css]
[perfect-coins.ltd/u/dashboard/assets/plugins/morris.js/morris.css]
[perfect-coins.ltd/u/dashboard/assets/css/sidemenu.css]
[perfect-coins.ltd/u/dashboard/assets/plugins/sidebar/sidebar.css]
[perfect-coins.ltd/u/dashboard/assets/plugins/jquery-nice-select/css/nice-select.css]
[perfect-coins.ltd/u/dashboard/assets/plugins/flag-icon-css/css/flag-icon.min.css]
[perfect-coins.ltd/u/dashboard/assets/plugins/jquery-countdown/countdown.css]
[perfect-coins.ltd/u/dashboard/assets/plugins/newsticker/jquery.jConveyorTicker.css]
[perfect-coins.ltd/u/dashboard/assets/css/style.css]
[perfect-coins.ltd/u/dashboard/assets/css/skin-modes.css]
[perfect-coins.ltd/u/dashboard/assets/css/style-dark.css]
[perfect-coins.ltd/u/dashboard/assets/css/animate.css]
[perfect-coins.ltd/dash.html]
[perfect-coins.ltd/index489c.html]
[perfect-coins.ltd/index2017.html]
[perfect-coins.ltd/index035c.html]
[perfect-coins.ltd/indexcc36.html]
[perfect-coins.ltd/index0f73.html]
[perfect-coins.ltd/index57aa.html]
[perfect-coins.ltd/index8037.html]
[perfect-coins.ltd/index0c91.html]
[perfect-coins.ltd/u/dashboard/assets/js/chart.flot.sampledata.html]
[perfect-coins.ltd/u/dashboard/assets/js/newsticker.html]
[perfect-coins.ltd/u/dashboard/assets/plugins/jquery-nice-select/js/nice-select.html]
[perfect-coins.ltd/u/dashboard/assets/js/dashboard.html]
[perfect-coins.ltd/index.html]
[perfect-coins.ltd/u/dashboard/assets/plugins/fontawesome-free/css/all.min.css]
[perfect-coins.ltd/u/dashboard/assets/plugins/ionicons/css/ionicons.min.css]
[perfect-coins.ltd/u/dashboard/assets/plugins/typicons.font/typicons.css]
[perfect-coins.ltd/u/dashboard/assets/plugins/materialdesignicons/fonts/materialdesignicons-webfontdf71.woff2]
[perfect-coins.ltd/u/dashboard/assets/plugins/materialdesignicons/materialdesignicons.css]
[perfect-coins.ltd/u/dashboard/assets/plugins/themify/fonts/themify9f24.woff]
[perfect-coins.ltd/u/dashboard/assets/plugins/themify/themify.css]
[perfect-coins.ltd/u/dashboard/assets/plugins/feather/feather.css]
[perfect-coins.ltd/u/dashboard/assets/plugins/cryptofont/fonts/cryptofont-webfont.woff]
[perfect-coins.ltd/u/dashboard/assets/plugins/cryptofont/css/cryptofont.min.css]
[perfect-coins.ltd/u/dashboard/assets/plugins/line-awesome/css/line-awesome.css]
[perfect-coins.ltd/u/dashboard/assets/plugins/simple-line-icons/simple-line-icons.css]
[perfect-coins.ltd/u/dashboard/assets/plugins/flag-icon-css/flags/4x3/ad.html]
[perfect-coins.ltd/u/dashboard/assets/plugins/flag-icon-css/flags/1x1/ad.html]
[perfect-coins.ltd/u/dashboard/assets/plugins/flag-icon-css/flags/4x3/ae.html]
[perfect-coins.ltd/u/dashboard/assets/plugins/flag-icon-css/flags/1x1/ae.html]
[perfect-coins.ltd/u/dashboard/assets/plugins/flag-icon-css/flags/4x3/af.html]
[perfect-coins.ltd/u/dashboard/assets/plugins/flag-icon-css/flags/1x1/af.html]
[perfect-coins.ltd/u/dashboard/assets/plugins/flag-icon-css/flags/4x3/ag.html]
[perfect-coins.ltd/u/dashboard/assets/plugins/flag-icon-css/flags/1x1/ag.html]
[perfect-coins.ltd/u/dashboard/assets/plugins/flag-icon-css/flags/4x3/ai.html]
[perfect-coins.ltd/u/dashboard/assets/plugins/flag-icon-css/flags/1x1/ai.html]
[perfect-coins.ltd/u/dashboard/assets/plugins/flag-icon-css/flags/4x3/al.html]
[perfect-coins.ltd/u/dashboard/assets/plugins/flag-icon-css/flags/1x1/al.html]
[perfect-coins.ltd/u/dashboard/assets/plugins/flag-icon-css/flags/4x3/am.html]
[perfect-coins.ltd/u/dashboard/assets/plugins/flag-icon-css/flags/1x1/am.html]
[perfect-coins.ltd/u/dashboard/assets/plugins/flag-icon-css/flags/4x3/ao.html]
[perfect-coins.ltd/u/dashboard/assets/plugins/flag-icon-css/flags/1x1/ao.html]
[perfect-coins.ltd/u/dashboard/assets/plugins/flag-icon-css/flags/4x3/aq.html]
[perfect-coins.ltd/u/dashboard/assets/plugins/flag-icon-css/flags/1x1/aq.html]
[perfect-coins.ltd/u/dashboard/assets/plugins/flag-icon-css/flags/4x3/ar.html]
[perfect-coins.ltd/u/dashboard/assets/plugins/flag-icon-css/flags/1x1/ar.html]
[perfect-coins.ltd/u/dashboard/assets/plugins/flag-icon-css/flags/4x3/as.html]
[perfect-coins.ltd/u/dashboard/assets/plugins/flag-icon-css/flags/1x1/as.html]
[perfect-coins.ltd/u/dashboard/assets/plugins/flag-icon-css/flags/4x3/at.html]
[perfect-coins.ltd/u/dashboard/assets/plugins/flag-icon-css/flags/1x1/at.html]
[perfect-coins.ltd/u/dashboard/assets/plugins/flag-icon-css/flags/4x3/au.html]
[perfect-coins.ltd/u/dashboard/assets/plugins/flag-icon-css/flags/1x1/au.html]
[perfect-coins.ltd/u/dashboard/assets/plugins/flag-icon-css/flags/4x3/aw.html]
[perfect-coins.ltd/u/dashboard/assets/plugins/flag-icon-css/flags/1x1/aw.html]
[perfect-coins.ltd/u/dashboard/assets/plugins/flag-icon-css/flags/4x3/ax.html]
[perfect-coins.ltd/u/dashboard/assets/plugins/flag-icon-css/flags/1x1/ax.html]
[perfect-coins.ltd/u/dashboard/assets/plugins/flag-icon-css/flags/4x3/az.html]
[perfect-coins.ltd/u/dashboard/assets/plugins/flag-icon-css/flags/1x1/az.html]
[perfect-coins.ltd/u/dashboard/assets/plugins/flag-icon-css/flags/4x3/ba.html]
[perfect-coins.ltd/u/dashboard/assets/plugins/flag-icon-css/flags/1x1/ba.html]
[perfect-coins.ltd/u/dashboard/assets/plugins/flag-icon-css/flags/4x3/bb.html]
[perfect-coins.ltd/u/dashboard/assets/plugins/flag-icon-css/flags/1x1/bb.html]
[perfect-coins.ltd/u/dashboard/assets/plugins/flag-icon-css/flags/4x3/bd.html]
[perfect-coins.ltd/u/dashboard/assets/plugins/flag-icon-css/flags/1x1/bd.html]
[perfect-coins.ltd/u/dashboard/assets/plugins/flag-icon-css/flags/4x3/be.html]
[perfect-coins.ltd/u/dashboard/assets/plugins/flag-icon-css/flags/1x1/be.html]
[perfect-coins.ltd/u/dashboard/assets/plugins/flag-icon-css/flags/4x3/bf.html]
[perfect-coins.ltd/u/dashboard/assets/plugins/flag-icon-css/flags/1x1/bf.html]
[perfect-coins.ltd/u/dashboard/assets/plugins/flag-icon-css/flags/4x3/bg.html]
[perfect-coins.ltd/u/dashboard/assets/plugins/flag-icon-css/flags/1x1/bg.html]
[perfect-coins.ltd/u/dashboard/assets/plugins/flag-icon-css/flags/4x3/bh.html]
[perfect-coins.ltd/u/dashboard/assets/plugins/flag-icon-css/flags/1x1/bh.html]
[perfect-coins.ltd/u/dashboard/assets/plugins/flag-icon-css/flags/4x3/bi.html]
[perfect-coins.ltd/u/dashboard/assets/plugins/flag-icon-css/flags/1x1/bi.html]
[perfect-coins.ltd/u/dashboard/assets/plugins/flag-icon-css/flags/4x3/bj.html]
[perfect-coins.ltd/u/dashboard/assets/plugins/flag-icon-css/flags/1x1/bj.html]
[perfect-coins.ltd/u/dashboard/assets/plugins/flag-icon-css/flags/4x3/bl.html]
[perfect-coins.ltd/u/dashboard/assets/plugins/flag-icon-css/flags/1x1/bl.html]
[perfect-coins.ltd/u/dashboard/assets/plugins/flag-icon-css/flags/4x3/bm.html]
[perfect-coins.ltd/u/dashboard/assets/plugins/flag-icon-css/flags/1x1/bm.html]
[perfect-coins.ltd/u/dashboard/assets/plugins/flag-icon-css/flags/4x3/bn.html]
[perfect-coins.ltd/u/dashboard/assets/plugins/flag-icon-css/flags/1x1/bn.html]
[perfect-coins.ltd/u/dashboard/assets/plugins/flag-icon-css/flags/4x3/bo.html]
[perfect-coins.ltd/u/dashboard/assets/plugins/flag-icon-css/flags/1x1/bo.html]
[perfect-coins.ltd/u/dashboard/assets/plugins/flag-icon-css/flags/4x3/bq.html]
[perfect-coins.ltd/u/dashboard/assets/plugins/flag-icon-css/flags/1x1/bq.html]
[perfect-coins.ltd/u/dashboard/assets/plugins/flag-icon-css/flags/4x3/br.html]
[perfect-coins.ltd/u/dashboard/assets/plugins/flag-icon-css/flags/1x1/br.html]
[perfect-coins.ltd/u/dashboard/assets/plugins/flag-icon-css/flags/4x3/bs.html]
[perfect-coins.ltd/u/dashboard/assets/plugins/flag-icon-css/flags/1x1/bs.html]
[perfect-coins.ltd/u/dashboard/assets/plugins/flag-icon-css/flags/4x3/bt.html]
[perfect-coins.ltd/u/dashboard/assets/plugins/flag-icon-css/flags/1x1/bt.html]
[perfect-coins.ltd/u/dashboard/assets/plugins/flag-icon-css/flags/4x3/bv.html]
[perfect-coins.ltd/u/dashboard/assets/plugins/flag-icon-css/flags/1x1/bv.html]
[perfect-coins.ltd/u/dashboard/assets/plugins/flag-icon-css/flags/4x3/bw.html]
[perfect-coins.ltd/u/dashboard/assets/plugins/flag-icon-css/flags/1x1/bw.html]
[perfect-coins.ltd/u/dashboard/assets/plugins/flag-icon-css/flags/4x3/by.html]
[perfect-coins.ltd/u/dashboard/assets/plugins/flag-icon-css/flags/1x1/by.html]
[perfect-coins.ltd/u/dashboard/assets/plugins/flag-icon-css/flags/4x3/bz.html]
[perfect-coins.ltd/u/dashboard/assets/plugins/flag-icon-css/flags/1x1/bz.html]
[perfect-coins.ltd/u/dashboard/assets/plugins/flag-icon-css/flags/4x3/ca.html]
[perfect-coins.ltd/u/dashboard/assets/plugins/flag-icon-css/flags/1x1/ca.html]
[perfect-coins.ltd/u/dashboard/assets/plugins/flag-icon-css/flags/4x3/cc.html]
[perfect-coins.ltd/u/dashboard/assets/plugins/flag-icon-css/flags/1x1/cc.html]
[perfect-coins.ltd/u/dashboard/assets/plugins/flag-icon-css/flags/4x3/cd.html]
[perfect-coins.ltd/u/dashboard/assets/plugins/flag-icon-css/flags/1x1/cd.html]
[perfect-coins.ltd/u/dashboard/assets/plugins/flag-icon-css/flags/4x3/cf.html]
[perfect-coins.ltd/u/dashboard/assets/plugins/flag-icon-css/flags/1x1/cf.html]
[perfect-coins.ltd/u/dashboard/assets/plugins/flag-icon-css/flags/4x3/cg.html]
[perfect-coins.ltd/u/dashboard/assets/plugins/flag-icon-css/flags/1x1/cg.html]
[perfect-coins.ltd/u/dashboard/assets/plugins/flag-icon-css/flags/4x3/ch.html]
[perfect-coins.ltd/u/dashboard/assets/plugins/flag-icon-css/flags/1x1/ch.html]
[perfect-coins.ltd/u/dashboard/assets/plugins/flag-icon-css/flags/4x3/ci.html]
[perfect-coins.ltd/u/dashboard/assets/plugins/flag-icon-css/flags/1x1/ci.html]
[perfect-coins.ltd/u/dashboard/assets/plugins/flag-icon-css/flags/4x3/ck.html]
[perfect-coins.ltd/u/dashboard/assets/plugins/flag-icon-css/flags/1x1/ck.html]
[perfect-coins.ltd/u/dashboard/assets/plugins/flag-icon-css/flags/4x3/cl.html]
[perfect-coins.ltd/u/dashboard/assets/plugins/flag-icon-css/flags/1x1/cl.html]
[perfect-coins.ltd/u/dashboard/assets/plugins/flag-icon-css/flags/4x3/cm.html]
[perfect-coins.ltd/u/dashboard/assets/plugins/flag-icon-css/flags/1x1/cm.html]
[perfect-coins.ltd/u/dashboard/assets/plugins/flag-icon-css/flags/4x3/cn.html]
[perfect-coins.ltd/u/dashboard/assets/plugins/flag-icon-css/flags/1x1/cn.html]
[perfect-coins.ltd/u/dashboard/assets/plugins/flag-icon-css/flags/4x3/co.html]
[perfect-coins.ltd/u/dashboard/assets/plugins/flag-icon-css/flags/1x1/co.html]
[perfect-coins.ltd/u/dashboard/assets/plugins/flag-icon-css/flags/4x3/cr.html]
[perfect-coins.ltd/u/dashboard/assets/plugins/flag-icon-css/flags/1x1/cr.html]
[perfect-coins.ltd/u/dashboard/assets/plugins/flag-icon-css/flags/4x3/cu.html]
[perfect-coins.ltd/u/dashboard/assets/plugins/flag-icon-css/flags/1x1/cu.html]
[perfect-coins.ltd/u/dashboard/assets/plugins/flag-icon-css/flags/4x3/cv.html]
[perfect-coins.ltd/u/dashboard/assets/plugins/flag-icon-css/flags/1x1/cv.html]
[perfect-coins.ltd/u/dashboard/assets/plugins/flag-icon-css/flags/4x3/cw.html]
[perfect-coins.ltd/u/dashboard/assets/plugins/flag-icon-css/flags/1x1/cw.html]
[perfect-coins.ltd/u/dashboard/assets/plugins/flag-icon-css/flags/4x3/cx.html]
[perfect-coins.ltd/u/dashboard/assets/plugins/flag-icon-css/flags/1x1/cx.html]
[perfect-coins.ltd/u/dashboard/assets/plugins/flag-icon-css/flags/4x3/cy.html]
[perfect-coins.ltd/u/dashboard/assets/plugins/flag-icon-css/flags/1x1/cy.html]
[perfect-coins.ltd/u/dashboard/assets/plugins/flag-icon-css/flags/4x3/cz.html]
[perfect-coins.ltd/u/dashboard/assets/plugins/flag-icon-css/flags/1x1/cz.html]
[perfect-coins.ltd/u/dashboard/assets/plugins/flag-icon-css/flags/4x3/de.html]
[perfect-coins.ltd/u/dashboard/assets/plugins/flag-icon-css/flags/1x1/de.html]
[perfect-coins.ltd/u/dashboard/assets/plugins/flag-icon-css/flags/4x3/dj.html]
[perfect-coins.ltd/u/dashboard/assets/plugins/flag-icon-css/flags/1x1/dj.html]
[perfect-coins.ltd/u/dashboard/assets/plugins/flag-icon-css/flags/4x3/dk.html]
[perfect-coins.ltd/u/dashboard/assets/plugins/flag-icon-css/flags/1x1/dk.html]
[perfect-coins.ltd/u/dashboard/assets/plugins/flag-icon-css/flags/4x3/dm.html]
[perfect-coins.ltd/u/dashboard/assets/plugins/flag-icon-css/flags/1x1/dm.html]
[perfect-coins.ltd/u/dashboard/assets/plugins/flag-icon-css/flags/4x3/do.html]
[perfect-coins.ltd/u/dashboard/assets/plugins/flag-icon-css/flags/1x1/do.html]
[perfect-coins.ltd/u/dashboard/assets/plugins/flag-icon-css/flags/4x3/dz.html]
[perfect-coins.ltd/u/dashboard/assets/plugins/flag-icon-css/flags/1x1/dz.html]
[perfect-coins.ltd/u/dashboard/assets/plugins/flag-icon-css/flags/4x3/ec.html]
[perfect-coins.ltd/u/dashboard/assets/plugins/flag-icon-css/flags/1x1/ec.html]
[perfect-coins.ltd/u/dashboard/assets/plugins/flag-icon-css/flags/4x3/ee.html]
[perfect-coins.ltd/u/dashboard/assets/plugins/flag-icon-css/flags/1x1/ee.html]
[perfect-coins.ltd/u/dashboard/assets/plugins/flag-icon-css/flags/4x3/eg.html]
[perfect-coins.ltd/u/dashboard/assets/plugins/flag-icon-css/flags/1x1/eg.html]
[perfect-coins.ltd/u/dashboard/assets/plugins/flag-icon-css/flags/4x3/eh.html]
[perfect-coins.ltd/u/dashboard/assets/plugins/flag-icon-css/flags/1x1/eh.html]
[perfect-coins.ltd/u/dashboard/assets/plugins/flag-icon-css/flags/4x3/er.html]
[perfect-coins.ltd/u/dashboard/assets/plugins/flag-icon-css/flags/1x1/er.html]
[perfect-coins.ltd/u/dashboard/assets/plugins/flag-icon-css/flags/4x3/es.html]
[perfect-coins.ltd/u/dashboard/assets/plugins/flag-icon-css/flags/1x1/es.html]
[perfect-coins.ltd/u/dashboard/assets/plugins/flag-icon-css/flags/4x3/et.html]
[perfect-coins.ltd/u/dashboard/assets/plugins/flag-icon-css/flags/1x1/et.html]
[perfect-coins.ltd/u/dashboard/assets/plugins/flag-icon-css/flags/4x3/fi.html]
[perfect-coins.ltd/u/dashboard/assets/plugins/flag-icon-css/flags/1x1/fi.html]
[perfect-coins.ltd/u/dashboard/assets/plugins/flag-icon-css/flags/4x3/fj.html]
[perfect-coins.ltd/u/dashboard/assets/plugins/flag-icon-css/flags/1x1/fj.html]
[perfect-coins.ltd/u/dashboard/assets/plugins/flag-icon-css/flags/4x3/fk.html]
[perfect-coins.ltd/u/dashboard/assets/plugins/flag-icon-css/flags/1x1/fk.html]
[perfect-coins.ltd/u/dashboard/assets/plugins/flag-icon-css/flags/4x3/fm.html]
[perfect-coins.ltd/u/dashboard/assets/plugins/flag-icon-css/flags/1x1/fm.html]
[perfect-coins.ltd/u/dashboard/assets/plugins/flag-icon-css/flags/4x3/fo.html]
[perfect-coins.ltd/u/dashboard/assets/plugins/flag-icon-css/flags/1x1/fo.html]
[perfect-coins.ltd/u/dashboard/assets/plugins/flag-icon-css/flags/4x3/fr.html]
[perfect-coins.ltd/u/dashboard/assets/plugins/flag-icon-css/flags/1x1/fr.html]
[perfect-coins.ltd/u/dashboard/assets/plugins/flag-icon-css/flags/4x3/ga.html]
[perfect-coins.ltd/u/dashboard/assets/plugins/flag-icon-css/flags/1x1/ga.html]
[perfect-coins.ltd/u/dashboard/assets/plugins/flag-icon-css/flags/4x3/gb.html]
[perfect-coins.ltd/u/dashboard/assets/plugins/flag-icon-css/flags/1x1/gb.html]
[perfect-coins.ltd/u/dashboard/assets/plugins/flag-icon-css/flags/4x3/gd.html]
[perfect-coins.ltd/u/dashboard/assets/plugins/flag-icon-css/flags/1x1/gd.html]
[perfect-coins.ltd/u/dashboard/assets/plugins/flag-icon-css/flags/4x3/ge.html]
[perfect-coins.ltd/u/dashboard/assets/plugins/flag-icon-css/flags/1x1/ge.html]
[perfect-coins.ltd/u/dashboard/assets/plugins/flag-icon-css/flags/4x3/gf.html]
[perfect-coins.ltd/u/dashboard/assets/plugins/flag-icon-css/flags/1x1/gf.html]
[perfect-coins.ltd/u/dashboard/assets/plugins/flag-icon-css/flags/4x3/gg.html]
[perfect-coins.ltd/u/dashboard/assets/plugins/flag-icon-css/flags/1x1/gg.html]
[perfect-coins.ltd/u/dashboard/assets/plugins/flag-icon-css/flags/4x3/gh.html]
[perfect-coins.ltd/u/dashboard/assets/plugins/flag-icon-css/flags/1x1/gh.html]
[perfect-coins.ltd/u/dashboard/assets/plugins/flag-icon-css/flags/4x3/gi.html]
[perfect-coins.ltd/u/dashboard/assets/plugins/flag-icon-css/flags/1x1/gi.html]
[perfect-coins.ltd/u/dashboard/assets/plugins/flag-icon-css/flags/4x3/gl.html]
[perfect-coins.ltd/u/dashboard/assets/plugins/flag-icon-css/flags/4x3/gm.html]
[perfect-coins.ltd/u/dashboard/assets/plugins/flag-icon-css/flags/1x1/gm.html]
[perfect-coins.ltd/u/dashboard/assets/plugins/flag-icon-css/flags/4x3/gn.html]
[perfect-coins.ltd/u/dashboard/assets/plugins/flag-icon-css/flags/1x1/gn.html]
[perfect-coins.ltd/u/dashboard/assets/plugins/flag-icon-css/flags/4x3/gp.html]
[perfect-coins.ltd/u/dashboard/assets/plugins/flag-icon-css/flags/1x1/gp.html]
[perfect-coins.ltd/u/dashboard/assets/plugins/flag-icon-css/flags/4x3/gq.html]
[perfect-coins.ltd/u/dashboard/assets/plugins/flag-icon-css/flags/1x1/gq.html]
[perfect-coins.ltd/u/dashboard/assets/plugins/flag-icon-css/flags/4x3/gr.html]
[perfect-coins.ltd/u/dashboard/assets/plugins/flag-icon-css/flags/1x1/gr.html]
[perfect-coins.ltd/u/dashboard/assets/plugins/flag-icon-css/flags/4x3/gs.html]
[perfect-coins.ltd/u/dashboard/assets/plugins/flag-icon-css/flags/1x1/gs.html]
[perfect-coins.ltd/u/dashboard/assets/plugins/flag-icon-css/flags/4x3/gt.html]
[perfect-coins.ltd/u/dashboard/assets/plugins/flag-icon-css/flags/1x1/gt.html]
[perfect-coins.ltd/u/dashboard/assets/plugins/flag-icon-css/flags/4x3/gu.html]
[perfect-coins.ltd/u/dashboard/assets/plugins/flag-icon-css/flags/1x1/gu.html]
[perfect-coins.ltd/u/dashboard/assets/plugins/flag-icon-css/flags/4x3/gw.html]
[perfect-coins.ltd/u/dashboard/assets/plugins/flag-icon-css/flags/1x1/gw.html]
[perfect-coins.ltd/u/dashboard/assets/plugins/flag-icon-css/flags/4x3/gy.html]
[perfect-coins.ltd/u/dashboard/assets/plugins/flag-icon-css/flags/1x1/gy.html]
[perfect-coins.ltd/u/dashboard/assets/plugins/flag-icon-css/flags/4x3/hk.html]
[perfect-coins.ltd/u/dashboard/assets/plugins/flag-icon-css/flags/1x1/hk.html]
[perfect-coins.ltd/u/dashboard/assets/plugins/flag-icon-css/flags/4x3/hm.html]
[perfect-coins.ltd/u/dashboard/assets/plugins/flag-icon-css/flags/1x1/hm.html]
[perfect-coins.ltd/u/dashboard/assets/plugins/flag-icon-css/flags/4x3/hn.html]
[perfect-coins.ltd/u/dashboard/assets/plugins/flag-icon-css/flags/1x1/hn.html]
[perfect-coins.ltd/u/dashboard/assets/plugins/flag-icon-css/flags/4x3/hr.html]
[perfect-coins.ltd/u/dashboard/assets/plugins/flag-icon-css/flags/1x1/hr.html]
[perfect-coins.ltd/u/dashboard/assets/plugins/flag-icon-css/flags/4x3/ht.html]
[perfect-coins.ltd/u/dashboard/assets/plugins/flag-icon-css/flags/1x1/ht.html]
[perfect-coins.ltd/u/dashboard/assets/plugins/flag-icon-css/flags/4x3/hu.html]
[perfect-coins.ltd/u/dashboard/assets/plugins/flag-icon-css/flags/1x1/hu.html]
[perfect-coins.ltd/u/dashboard/assets/plugins/flag-icon-css/flags/4x3/id.html]
[perfect-coins.ltd/u/dashboard/assets/plugins/flag-icon-css/flags/1x1/id.html]
[perfect-coins.ltd/u/dashboard/assets/plugins/flag-icon-css/flags/4x3/ie.html]
[perfect-coins.ltd/u/dashboard/assets/plugins/flag-icon-css/flags/1x1/ie.html]
[perfect-coins.ltd/u/dashboard/assets/plugins/flag-icon-css/flags/4x3/il.html]
[perfect-coins.ltd/u/dashboard/assets/plugins/flag-icon-css/flags/1x1/il.html]
[perfect-coins.ltd/u/dashboard/assets/plugins/flag-icon-css/flags/4x3/im.html]
[perfect-coins.ltd/u/dashboard/assets/plugins/flag-icon-css/flags/1x1/im.html]
[perfect-coins.ltd/u/dashboard/assets/plugins/flag-icon-css/flags/4x3/in.html]
[perfect-coins.ltd/u/dashboard/assets/plugins/flag-icon-css/flags/1x1/in.html]
[perfect-coins.ltd/u/dashboard/assets/plugins/flag-icon-css/flags/4x3/io.html]
[perfect-coins.ltd/u/dashboard/assets/plugins/flag-icon-css/flags/1x1/io.html]
[perfect-coins.ltd/u/dashboard/assets/plugins/flag-icon-css/flags/4x3/iq.html]
[perfect-coins.ltd/u/dashboard/assets/plugins/flag-icon-css/flags/1x1/iq.html]
[perfect-coins.ltd/u/dashboard/assets/plugins/flag-icon-css/flags/4x3/ir.html]
[perfect-coins.ltd/u/dashboard/assets/plugins/flag-icon-css/flags/1x1/ir.html]
[perfect-coins.ltd/u/dashboard/assets/plugins/flag-icon-css/flags/4x3/is.html]
[perfect-coins.ltd/u/dashboard/assets/plugins/flag-icon-css/flags/1x1/is.html]
[perfect-coins.ltd/u/dashboard/assets/plugins/flag-icon-css/flags/4x3/it.html]
[perfect-coins.ltd/u/dashboard/assets/plugins/flag-icon-css/flags/1x1/it.html]
[perfect-coins.ltd/u/dashboard/assets/plugins/flag-icon-css/flags/4x3/je.html]
[perfect-coins.ltd/u/dashboard/assets/plugins/flag-icon-css/flags/1x1/je.html]
[perfect-coins.ltd/u/dashboard/assets/plugins/flag-icon-css/flags/4x3/jm.html]
[perfect-coins.ltd/u/dashboard/assets/plugins/flag-icon-css/flags/1x1/jm.html]
[perfect-coins.ltd/u/dashboard/assets/plugins/flag-icon-css/flags/4x3/jo.html]
[perfect-coins.ltd/u/dashboard/assets/plugins/flag-icon-css/flags/1x1/jo.html]
[perfect-coins.ltd/u/dashboard/assets/plugins/flag-icon-css/flags/4x3/jp.html]
[perfect-coins.ltd/u/dashboard/assets/plugins/flag-icon-css/flags/1x1/jp.html]
[perfect-coins.ltd/u/dashboard/assets/plugins/flag-icon-css/flags/4x3/ke.html]
[perfect-coins.ltd/u/dashboard/assets/plugins/flag-icon-css/flags/1x1/ke.html]
[perfect-coins.ltd/u/dashboard/assets/plugins/flag-icon-css/flags/4x3/kg.html]
[perfect-coins.ltd/u/dashboard/assets/plugins/flag-icon-css/flags/1x1/kg.html]
[perfect-coins.ltd/u/dashboard/assets/plugins/flag-icon-css/flags/4x3/kh.html]
[perfect-coins.ltd/u/dashboard/assets/plugins/flag-icon-css/flags/1x1/kh.html]
[perfect-coins.ltd/u/dashboard/assets/plugins/flag-icon-css/flags/4x3/ki.html]
[perfect-coins.ltd/u/dashboard/assets/plugins/flag-icon-css/flags/1x1/ki.html]
[perfect-coins.ltd/u/dashboard/assets/plugins/flag-icon-css/flags/4x3/km.html]
[perfect-coins.ltd/u/dashboard/assets/plugins/flag-icon-css/flags/1x1/km.html]
[perfect-coins.ltd/u/dashboard/assets/plugins/flag-icon-css/flags/4x3/kn.html]
[perfect-coins.ltd/u/dashboard/assets/plugins/flag-icon-css/flags/1x1/kn.html]
[perfect-coins.ltd/u/dashboard/assets/plugins/flag-icon-css/flags/4x3/kp.html]
[perfect-coins.ltd/u/dashboard/assets/plugins/flag-icon-css/flags/1x1/kp.html]
[perfect-coins.ltd/u/dashboard/assets/plugins/flag-icon-css/flags/4x3/kr.html]
[perfect-coins.ltd/u/dashboard/assets/plugins/flag-icon-css/flags/1x1/kr.html]
[perfect-coins.ltd/u/dashboard/assets/plugins/flag-icon-css/flags/1x1/kw.html]
[perfect-coins.ltd/u/dashboard/assets/plugins/flag-icon-css/flags/4x3/ky.html]
[perfect-coins.ltd/u/dashboard/assets/plugins/flag-icon-css/flags/1x1/ky.html]
[perfect-coins.ltd/u/dashboard/assets/plugins/flag-icon-css/flags/4x3/kz.html]
[perfect-coins.ltd/u/dashboard/assets/plugins/flag-icon-css/flags/1x1/kz.html]
[perfect-coins.ltd/u/dashboard/assets/plugins/flag-icon-css/flags/4x3/la.html]
[perfect-coins.ltd/u/dashboard/assets/plugins/flag-icon-css/flags/1x1/la.html]
[perfect-coins.ltd/u/dashboard/assets/plugins/flag-icon-css/flags/4x3/lb.html]
[perfect-coins.ltd/u/dashboard/assets/plugins/flag-icon-css/flags/1x1/lb.html]
[perfect-coins.ltd/u/dashboard/assets/plugins/flag-icon-css/flags/4x3/lc.html]
[perfect-coins.ltd/u/dashboard/assets/plugins/flag-icon-css/flags/1x1/lc.html]
[perfect-coins.ltd/u/dashboard/assets/plugins/flag-icon-css/flags/4x3/li.html]
[perfect-coins.ltd/u/dashboard/assets/plugins/flag-icon-css/flags/1x1/li.html]
[perfect-coins.ltd/u/dashboard/assets/plugins/flag-icon-css/flags/4x3/lk.html]
[perfect-coins.ltd/u/dashboard/assets/plugins/flag-icon-css/flags/1x1/lk.html]
[perfect-coins.ltd/u/dashboard/assets/plugins/flag-icon-css/flags/4x3/lr.html]
[perfect-coins.ltd/u/dashboard/assets/plugins/flag-icon-css/flags/1x1/lr.html]
[perfect-coins.ltd/u/dashboard/assets/plugins/flag-icon-css/flags/4x3/ls.html]
[perfect-coins.ltd/u/dashboard/assets/plugins/flag-icon-css/flags/1x1/ls.html]
[perfect-coins.ltd/u/dashboard/assets/plugins/flag-icon-css/flags/4x3/lt.html]
[perfect-coins.ltd/u/dashboard/assets/plugins/flag-icon-css/flags/1x1/lt.html]
[perfect-coins.ltd/u/dashboard/assets/plugins/flag-icon-css/flags/4x3/lu.html]
[perfect-coins.ltd/u/dashboard/assets/plugins/flag-icon-css/flags/1x1/lu.html]
[perfect-coins.ltd/u/dashboard/assets/plugins/flag-icon-css/flags/4x3/lv.html]
[perfect-coins.ltd/u/dashboard/assets/plugins/flag-icon-css/flags/1x1/lv.html]
[perfect-coins.ltd/u/dashboard/assets/plugins/flag-icon-css/flags/4x3/ly.html]
[perfect-coins.ltd/u/dashboard/assets/plugins/flag-icon-css/flags/1x1/ly.html]
[perfect-coins.ltd/u/dashboard/assets/plugins/flag-icon-css/flags/4x3/ma.html]
[perfect-coins.ltd/u/dashboard/assets/plugins/flag-icon-css/flags/1x1/ma.html]
[perfect-coins.ltd/u/dashboard/assets/plugins/flag-icon-css/flags/4x3/mc.html]
[perfect-coins.ltd/u/dashboard/assets/plugins/flag-icon-css/flags/1x1/mc.html]
[perfect-coins.ltd/u/dashboard/assets/plugins/flag-icon-css/flags/4x3/md.html]
[perfect-coins.ltd/u/dashboard/assets/plugins/flag-icon-css/flags/1x1/md.html]
[perfect-coins.ltd/u/dashboard/assets/plugins/flag-icon-css/flags/4x3/me.html]
[perfect-coins.ltd/u/dashboard/assets/plugins/flag-icon-css/flags/1x1/me.html]
[perfect-coins.ltd/u/dashboard/assets/plugins/flag-icon-css/flags/4x3/mf.html]
[perfect-coins.ltd/u/dashboard/assets/plugins/flag-icon-css/flags/1x1/mf.html]
[perfect-coins.ltd/u/dashboard/assets/plugins/flag-icon-css/flags/4x3/mg.html]
[perfect-coins.ltd/u/dashboard/assets/plugins/flag-icon-css/flags/1x1/mg.html]
[perfect-coins.ltd/u/dashboard/assets/plugins/flag-icon-css/flags/4x3/mh.html]
[perfect-coins.ltd/u/dashboard/assets/plugins/flag-icon-css/flags/1x1/mh.html]
[perfect-coins.ltd/u/dashboard/assets/plugins/flag-icon-css/flags/4x3/mk.html]
[perfect-coins.ltd/u/dashboard/assets/plugins/flag-icon-css/flags/1x1/mk.html]
[perfect-coins.ltd/u/dashboard/assets/plugins/flag-icon-css/flags/4x3/ml.html]
[perfect-coins.ltd/u/dashboard/assets/plugins/flag-icon-css/flags/1x1/ml.html]
[perfect-coins.ltd/u/dashboard/assets/plugins/flag-icon-css/flags/4x3/mm.html]
[perfect-coins.ltd/u/dashboard/assets/plugins/flag-icon-css/flags/1x1/mm.html]
[perfect-coins.ltd/u/dashboard/assets/plugins/flag-icon-css/flags/4x3/mn.html]
[perfect-coins.ltd/u/dashboard/assets/plugins/flag-icon-css/flags/1x1/mn.html]
[perfect-coins.ltd/u/dashboard/assets/plugins/flag-icon-css/flags/4x3/mo.html]
[perfect-coins.ltd/u/dashboard/assets/plugins/flag-icon-css/flags/1x1/mo.html]
[perfect-coins.ltd/u/dashboard/assets/plugins/flag-icon-css/flags/4x3/mp.html]
[perfect-coins.ltd/u/dashboard/assets/plugins/flag-icon-css/flags/1x1/mp.html]
[perfect-coins.ltd/u/dashboard/assets/plugins/flag-icon-css/flags/4x3/mq.html]
[perfect-coins.ltd/u/dashboard/assets/plugins/flag-icon-css/flags/1x1/mq.html]
[perfect-coins.ltd/u/dashboard/assets/plugins/flag-icon-css/flags/4x3/mr.html]
[perfect-coins.ltd/u/dashboard/assets/plugins/flag-icon-css/flags/1x1/mr.html]
[perfect-coins.ltd/u/dashboard/assets/plugins/flag-icon-css/flags/4x3/ms.html]
[perfect-coins.ltd/u/dashboard/assets/plugins/flag-icon-css/flags/1x1/ms.html]
[perfect-coins.ltd/u/dashboard/assets/plugins/flag-icon-css/flags/4x3/mt.html]
[perfect-coins.ltd/u/dashboard/assets/plugins/flag-icon-css/flags/1x1/mt.html]
[perfect-coins.ltd/u/dashboard/assets/plugins/flag-icon-css/flags/4x3/mu.html]
[perfect-coins.ltd/u/dashboard/assets/plugins/flag-icon-css/flags/1x1/mu.html]
[perfect-coins.ltd/u/dashboard/assets/plugins/flag-icon-css/flags/4x3/mv.html]
[perfect-coins.ltd/u/dashboard/assets/plugins/flag-icon-css/flags/1x1/mv.html]
[perfect-coins.ltd/u/dashboard/assets/plugins/flag-icon-css/flags/4x3/mw.html]
[perfect-coins.ltd/u/dashboard/assets/plugins/flag-icon-css/flags/1x1/mw.html]
[perfect-coins.ltd/u/dashboard/assets/plugins/flag-icon-css/flags/4x3/mx.html]
[perfect-coins.ltd/u/dashboard/assets/plugins/flag-icon-css/flags/1x1/mx.html]
[perfect-coins.ltd/u/dashboard/assets/plugins/flag-icon-css/flags/4x3/my.html]
[perfect-coins.ltd/u/dashboard/assets/plugins/flag-icon-css/flags/1x1/my.html]
[perfect-coins.ltd/u/dashboard/assets/plugins/flag-icon-css/flags/4x3/mz.html]
[perfect-coins.ltd/u/dashboard/assets/plugins/flag-icon-css/flags/1x1/mz.html]
[perfect-coins.ltd/u/dashboard/assets/plugins/flag-icon-css/flags/4x3/na.html]
[perfect-coins.ltd/u/dashboard/assets/plugins/flag-icon-css/flags/1x1/na.html]
[perfect-coins.ltd/u/dashboard/assets/plugins/flag-icon-css/flags/4x3/nc.html]
[perfect-coins.ltd/u/dashboard/assets/plugins/flag-icon-css/flags/1x1/nc.html]
[perfect-coins.ltd/u/dashboard/assets/plugins/flag-icon-css/flags/4x3/ne.html]
[perfect-coins.ltd/u/dashboard/assets/plugins/flag-icon-css/flags/1x1/ne.html]
[perfect-coins.ltd/u/dashboard/assets/plugins/flag-icon-css/flags/4x3/nf.html]
[perfect-coins.ltd/u/dashboard/assets/plugins/flag-icon-css/flags/1x1/nf.html]
[perfect-coins.ltd/u/dashboard/assets/plugins/flag-icon-css/flags/4x3/ng.html]
[perfect-coins.ltd/u/dashboard/assets/plugins/flag-icon-css/flags/1x1/ng.html]
[perfect-coins.ltd/u/dashboard/assets/plugins/flag-icon-css/flags/4x3/ni.html]
[perfect-coins.ltd/u/dashboard/assets/plugins/flag-icon-css/flags/1x1/ni.html]
[perfect-coins.ltd/u/dashboard/assets/plugins/flag-icon-css/flags/4x3/nl.html]
[perfect-coins.ltd/u/dashboard/assets/plugins/flag-icon-css/flags/1x1/nl.html]
[perfect-coins.ltd/u/dashboard/assets/plugins/flag-icon-css/flags/4x3/no.html]
[perfect-coins.ltd/u/dashboard/assets/plugins/flag-icon-css/flags/1x1/no.html]
[perfect-coins.ltd/u/dashboard/assets/plugins/flag-icon-css/flags/4x3/np.html]
[perfect-coins.ltd/u/dashboard/assets/plugins/flag-icon-css/flags/1x1/np.html]
[perfect-coins.ltd/u/dashboard/assets/plugins/flag-icon-css/flags/4x3/nr.html]
[perfect-coins.ltd/u/dashboard/assets/plugins/flag-icon-css/flags/1x1/nr.html]
[perfect-coins.ltd/u/dashboard/assets/plugins/flag-icon-css/flags/4x3/nu.html]
[perfect-coins.ltd/u/dashboard/assets/plugins/flag-icon-css/flags/1x1/nu.html]
[perfect-coins.ltd/u/dashboard/assets/plugins/flag-icon-css/flags/4x3/nz.html]
[perfect-coins.ltd/u/dashboard/assets/plugins/flag-icon-css/flags/1x1/nz.html]
[perfect-coins.ltd/u/dashboard/assets/plugins/flag-icon-css/flags/4x3/om.html]
[perfect-coins.ltd/u/dashboard/assets/plugins/flag-icon-css/flags/1x1/om.html]
[perfect-coins.ltd/u/dashboard/assets/plugins/flag-icon-css/flags/4x3/pa.html]
[perfect-coins.ltd/u/dashboard/assets/plugins/flag-icon-css/flags/1x1/pa.html]
[perfect-coins.ltd/u/dashboard/assets/plugins/flag-icon-css/flags/4x3/pe.html]
[perfect-coins.ltd/u/dashboard/assets/plugins/flag-icon-css/flags/1x1/pe.html]
[perfect-coins.ltd/u/dashboard/assets/plugins/flag-icon-css/flags/4x3/pf.html]
[perfect-coins.ltd/u/dashboard/assets/plugins/flag-icon-css/flags/1x1/pf.html]
[perfect-coins.ltd/u/dashboard/assets/plugins/flag-icon-css/flags/4x3/pg.html]
[perfect-coins.ltd/u/dashboard/assets/plugins/flag-icon-css/flags/1x1/pg.html]
[perfect-coins.ltd/u/dashboard/assets/plugins/flag-icon-css/flags/4x3/ph.html]
[perfect-coins.ltd/u/dashboard/assets/plugins/flag-icon-css/flags/1x1/ph.html]
[perfect-coins.ltd/u/dashboard/assets/plugins/flag-icon-css/flags/4x3/pk.html]
[perfect-coins.ltd/u/dashboard/assets/plugins/flag-icon-css/flags/1x1/pk.html]
[perfect-coins.ltd/u/dashboard/assets/plugins/flag-icon-css/flags/4x3/pl.html]
[perfect-coins.ltd/u/dashboard/assets/plugins/flag-icon-css/flags/1x1/pl.html]
[perfect-coins.ltd/u/dashboard/assets/plugins/flag-icon-css/flags/4x3/pm.html]
[perfect-coins.ltd/u/dashboard/assets/plugins/flag-icon-css/flags/1x1/pm.html]
[perfect-coins.ltd/u/dashboard/assets/plugins/flag-icon-css/flags/4x3/pn.html]
[perfect-coins.ltd/u/dashboard/assets/plugins/flag-icon-css/flags/1x1/pn.html]
[perfect-coins.ltd/u/dashboard/assets/plugins/flag-icon-css/flags/4x3/pr.html]
[perfect-coins.ltd/u/dashboard/assets/plugins/flag-icon-css/flags/1x1/pr.html]
[perfect-coins.ltd/u/dashboard/assets/plugins/flag-icon-css/flags/4x3/ps.html]
[perfect-coins.ltd/u/dashboard/assets/plugins/flag-icon-css/flags/1x1/ps.html]
[perfect-coins.ltd/u/dashboard/assets/plugins/flag-icon-css/flags/4x3/pt.html]
[perfect-coins.ltd/u/dashboard/assets/plugins/flag-icon-css/flags/1x1/pt.html]
[perfect-coins.ltd/u/dashboard/assets/plugins/flag-icon-css/flags/4x3/pw.html]
[perfect-coins.ltd/u/dashboard/assets/plugins/flag-icon-css/flags/1x1/pw.html]
[perfect-coins.ltd/u/dashboard/assets/plugins/flag-icon-css/flags/4x3/py.html]
[perfect-coins.ltd/u/dashboard/assets/plugins/flag-icon-css/flags/1x1/py.html]
[perfect-coins.ltd/u/dashboard/assets/plugins/flag-icon-css/flags/4x3/qa.html]
[perfect-coins.ltd/u/dashboard/assets/plugins/flag-icon-css/flags/1x1/qa.html]
[perfect-coins.ltd/u/dashboard/assets/plugins/flag-icon-css/flags/4x3/re.html]
[perfect-coins.ltd/u/dashboard/assets/plugins/flag-icon-css/flags/1x1/re.html]
[perfect-coins.ltd/u/dashboard/assets/plugins/flag-icon-css/flags/4x3/ro.html]
[perfect-coins.ltd/u/dashboard/assets/plugins/flag-icon-css/flags/1x1/ro.html]
[perfect-coins.ltd/u/dashboard/assets/plugins/flag-icon-css/flags/4x3/rs.html]
[perfect-coins.ltd/u/dashboard/assets/plugins/flag-icon-css/flags/1x1/rs.html]
[perfect-coins.ltd/u/dashboard/assets/plugins/flag-icon-css/flags/4x3/ru.html]
[perfect-coins.ltd/u/dashboard/assets/plugins/flag-icon-css/flags/1x1/ru.html]
[perfect-coins.ltd/u/dashboard/assets/plugins/flag-icon-css/flags/4x3/rw.html]
[perfect-coins.ltd/u/dashboard/assets/plugins/flag-icon-css/flags/1x1/rw.html]
[perfect-coins.ltd/u/dashboard/assets/plugins/flag-icon-css/flags/4x3/sa.html]
[perfect-coins.ltd/u/dashboard/assets/plugins/flag-icon-css/flags/1x1/sa.html]
[perfect-coins.ltd/u/dashboard/assets/plugins/flag-icon-css/flags/4x3/sb.html]
[perfect-coins.ltd/u/dashboard/assets/plugins/flag-icon-css/flags/1x1/sb.html]
[perfect-coins.ltd/u/dashboard/assets/plugins/flag-icon-css/flags/4x3/sc.html]
[perfect-coins.ltd/u/dashboard/assets/plugins/flag-icon-css/flags/1x1/sc.html]
[perfect-coins.ltd/u/dashboard/assets/plugins/flag-icon-css/flags/4x3/sd.html]
[perfect-coins.ltd/u/dashboard/assets/plugins/flag-icon-css/flags/1x1/sd.html]
[perfect-coins.ltd/u/dashboard/assets/plugins/flag-icon-css/flags/4x3/se.html]
[perfect-coins.ltd/u/dashboard/assets/plugins/flag-icon-css/flags/1x1/se.html]
[perfect-coins.ltd/u/dashboard/assets/plugins/flag-icon-css/flags/4x3/sg.html]
[perfect-coins.ltd/u/dashboard/assets/plugins/flag-icon-css/flags/1x1/sg.html]
[perfect-coins.ltd/u/dashboard/assets/plugins/flag-icon-css/flags/4x3/sh.html]
[perfect-coins.ltd/u/dashboard/assets/plugins/flag-icon-css/flags/1x1/sh.html]
[perfect-coins.ltd/u/dashboard/assets/plugins/flag-icon-css/flags/4x3/si.html]
[perfect-coins.ltd/u/dashboard/assets/plugins/flag-icon-css/flags/1x1/si.html]
[perfect-coins.ltd/u/dashboard/assets/plugins/flag-icon-css/flags/4x3/sj.html]
[perfect-coins.ltd/u/dashboard/assets/plugins/flag-icon-css/flags/1x1/sj.html]
[perfect-coins.ltd/u/dashboard/assets/plugins/flag-icon-css/flags/4x3/sk.html]
[perfect-coins.ltd/u/dashboard/assets/plugins/flag-icon-css/flags/1x1/sk.html]
[perfect-coins.ltd/u/dashboard/assets/plugins/flag-icon-css/flags/4x3/sl.html]
[perfect-coins.ltd/u/dashboard/assets/plugins/flag-icon-css/flags/1x1/sl.html]
[perfect-coins.ltd/u/dashboard/assets/plugins/flag-icon-css/flags/4x3/sm.html]
[perfect-coins.ltd/u/dashboard/assets/plugins/flag-icon-css/flags/1x1/sm.html]
[perfect-coins.ltd/u/dashboard/assets/plugins/flag-icon-css/flags/4x3/sn.html]
[perfect-coins.ltd/u/dashboard/assets/plugins/flag-icon-css/flags/1x1/sn.html]
[perfect-coins.ltd/u/dashboard/assets/plugins/flag-icon-css/flags/4x3/so.html]
[perfect-coins.ltd/u/dashboard/assets/plugins/flag-icon-css/flags/1x1/so.html]
[perfect-coins.ltd/u/dashboard/assets/plugins/flag-icon-css/flags/4x3/sr.html]
[perfect-coins.ltd/u/dashboard/assets/plugins/flag-icon-css/flags/1x1/sr.html]
[perfect-coins.ltd/u/dashboard/assets/plugins/flag-icon-css/flags/4x3/ss.html]
[perfect-coins.ltd/u/dashboard/assets/plugins/flag-icon-css/flags/1x1/ss.html]
[perfect-coins.ltd/u/dashboard/assets/plugins/flag-icon-css/flags/4x3/st.html]
[perfect-coins.ltd/u/dashboard/assets/plugins/flag-icon-css/flags/1x1/st.html]
[perfect-coins.ltd/u/dashboard/assets/plugins/flag-icon-css/flags/4x3/sv.html]
[perfect-coins.ltd/u/dashboard/assets/plugins/flag-icon-css/flags/1x1/sv.html]
[perfect-coins.ltd/u/dashboard/assets/plugins/flag-icon-css/flags/4x3/sx.html]
[perfect-coins.ltd/u/dashboard/assets/plugins/flag-icon-css/flags/1x1/sx.html]
[perfect-coins.ltd/u/dashboard/assets/plugins/flag-icon-css/flags/4x3/sy.html]
[perfect-coins.ltd/u/dashboard/assets/plugins/flag-icon-css/flags/1x1/sy.html]
[perfect-coins.ltd/u/dashboard/assets/plugins/flag-icon-css/flags/4x3/sz.html]
[perfect-coins.ltd/u/dashboard/assets/plugins/flag-icon-css/flags/1x1/sz.html]
[perfect-coins.ltd/u/dashboard/assets/plugins/flag-icon-css/flags/4x3/tc.html]
[perfect-coins.ltd/u/dashboard/assets/plugins/flag-icon-css/flags/1x1/tc.html]
[perfect-coins.ltd/u/dashboard/assets/plugins/flag-icon-css/flags/4x3/td.html]
[perfect-coins.ltd/u/dashboard/assets/plugins/flag-icon-css/flags/1x1/td.html]
[perfect-coins.ltd/u/dashboard/assets/plugins/flag-icon-css/flags/4x3/tf.html]
[perfect-coins.ltd/u/dashboard/assets/plugins/flag-icon-css/flags/1x1/tf.html]
[perfect-coins.ltd/u/dashboard/assets/plugins/flag-icon-css/flags/4x3/tg.html]
[perfect-coins.ltd/u/dashboard/assets/plugins/flag-icon-css/flags/1x1/tg.html]
[perfect-coins.ltd/u/dashboard/assets/plugins/flag-icon-css/flags/4x3/th.html]
[perfect-coins.ltd/u/dashboard/assets/plugins/flag-icon-css/flags/1x1/th.html]
[perfect-coins.ltd/u/dashboard/assets/plugins/flag-icon-css/flags/4x3/tj.html]
[perfect-coins.ltd/u/dashboard/assets/plugins/flag-icon-css/flags/1x1/tj.html]
[perfect-coins.ltd/u/dashboard/assets/plugins/flag-icon-css/flags/4x3/tk.html]
[perfect-coins.ltd/u/dashboard/assets/plugins/flag-icon-css/flags/1x1/tk.html]
[perfect-coins.ltd/u/dashboard/assets/plugins/flag-icon-css/flags/4x3/tl.html]
[perfect-coins.ltd/u/dashboard/assets/plugins/flag-icon-css/flags/1x1/tl.html]
[perfect-coins.ltd/u/dashboard/assets/plugins/flag-icon-css/flags/4x3/tm.html]
[perfect-coins.ltd/u/dashboard/assets/plugins/flag-icon-css/flags/1x1/tm.html]
[perfect-coins.ltd/u/dashboard/assets/plugins/flag-icon-css/flags/4x3/tn.html]
[perfect-coins.ltd/u/dashboard/assets/plugins/flag-icon-css/flags/1x1/tn.html]
[perfect-coins.ltd/u/dashboard/assets/plugins/flag-icon-css/flags/4x3/to.html]
[perfect-coins.ltd/u/dashboard/assets/plugins/flag-icon-css/flags/1x1/to.html]
[perfect-coins.ltd/u/dashboard/assets/plugins/flag-icon-css/flags/4x3/tr.html]
[perfect-coins.ltd/u/dashboard/assets/plugins/flag-icon-css/flags/1x1/tr.html]
[perfect-coins.ltd/u/dashboard/assets/plugins/flag-icon-css/flags/4x3/tt.html]
[perfect-coins.ltd/u/dashboard/assets/plugins/flag-icon-css/flags/1x1/tt.html]
[perfect-coins.ltd/u/dashboard/assets/plugins/flag-icon-css/flags/4x3/tv.html]
[perfect-coins.ltd/u/dashboard/assets/plugins/flag-icon-css/flags/1x1/tv.html]
[perfect-coins.ltd/u/dashboard/assets/plugins/flag-icon-css/flags/4x3/tw.html]
[perfect-coins.ltd/u/dashboard/assets/plugins/flag-icon-css/flags/1x1/tw.html]
[perfect-coins.ltd/u/dashboard/assets/plugins/flag-icon-css/flags/4x3/tz.html]
[perfect-coins.ltd/u/dashboard/assets/plugins/flag-icon-css/flags/1x1/tz.html]
[perfect-coins.ltd/u/dashboard/assets/plugins/flag-icon-css/flags/4x3/ua.html]
[perfect-coins.ltd/u/dashboard/assets/plugins/flag-icon-css/flags/1x1/ua.html]
[perfect-coins.ltd/u/dashboard/assets/plugins/flag-icon-css/flags/4x3/ug.html]
[perfect-coins.ltd/u/dashboard/assets/plugins/flag-icon-css/flags/1x1/ug.html]
[perfect-coins.ltd/u/dashboard/assets/plugins/flag-icon-css/flags/4x3/um.html]
[perfect-coins.ltd/u/dashboard/assets/plugins/flag-icon-css/flags/1x1/um.html]
[perfect-coins.ltd/u/dashboard/assets/plugins/flag-icon-css/flags/4x3/us.html]
[perfect-coins.ltd/u/dashboard/assets/plugins/flag-icon-css/flags/1x1/us.html]
[perfect-coins.ltd/u/dashboard/assets/plugins/flag-icon-css/flags/4x3/uy.html]
[perfect-coins.ltd/u/dashboard/assets/plugins/flag-icon-css/flags/1x1/uy.html]
[perfect-coins.ltd/u/dashboard/assets/plugins/flag-icon-css/flags/4x3/uz.html]
[perfect-coins.ltd/u/dashboard/assets/plugins/flag-icon-css/flags/1x1/uz.html]
[perfect-coins.ltd/u/dashboard/assets/plugins/flag-icon-css/flags/4x3/va.html]
[perfect-coins.ltd/u/dashboard/assets/plugins/flag-icon-css/flags/1x1/va.html]
[perfect-coins.ltd/u/dashboard/assets/plugins/flag-icon-css/flags/4x3/vc.html]
[perfect-coins.ltd/u/dashboard/assets/plugins/flag-icon-css/flags/1x1/vc.html]
[perfect-coins.ltd/u/dashboard/assets/plugins/flag-icon-css/flags/4x3/ve.html]
[perfect-coins.ltd/u/dashboard/assets/plugins/flag-icon-css/flags/1x1/ve.html]
[perfect-coins.ltd/u/dashboard/assets/plugins/flag-icon-css/flags/4x3/vg.html]
[perfect-coins.ltd/u/dashboard/assets/plugins/flag-icon-css/flags/1x1/vg.html]
[perfect-coins.ltd/u/dashboard/assets/plugins/flag-icon-css/flags/4x3/vi.html]
[perfect-coins.ltd/u/dashboard/assets/plugins/flag-icon-css/flags/1x1/vi.html]
[perfect-coins.ltd/u/dashboard/assets/plugins/flag-icon-css/flags/4x3/vn.html]
[perfect-coins.ltd/u/dashboard/assets/plugins/flag-icon-css/flags/1x1/vn.html]
[perfect-coins.ltd/u/dashboard/assets/plugins/flag-icon-css/flags/4x3/vu.html]
[perfect-coins.ltd/u/dashboard/assets/plugins/flag-icon-css/flags/1x1/vu.html]
[perfect-coins.ltd/u/dashboard/assets/plugins/flag-icon-css/flags/4x3/wf.html]
[perfect-coins.ltd/u/dashboard/assets/plugins/flag-icon-css/flags/1x1/wf.html]
[perfect-coins.ltd/u/dashboard/assets/plugins/flag-icon-css/flags/4x3/ws.html]
[perfect-coins.ltd/u/dashboard/assets/plugins/flag-icon-css/flags/1x1/ws.html]
[perfect-coins.ltd/u/dashboard/assets/plugins/flag-icon-css/flags/4x3/ye.html]
[perfect-coins.ltd/u/dashboard/assets/plugins/flag-icon-css/flags/1x1/ye.html]
[perfect-coins.ltd/u/dashboard/assets/plugins/flag-icon-css/flags/4x3/yt.html]
[perfect-coins.ltd/u/dashboard/assets/plugins/flag-icon-css/flags/1x1/yt.html]
[perfect-coins.ltd/u/dashboard/assets/plugins/flag-icon-css/flags/4x3/za.html]
[perfect-coins.ltd/u/dashboard/assets/plugins/flag-icon-css/flags/1x1/za.html]
[perfect-coins.ltd/u/dashboard/assets/plugins/flag-icon-css/flags/4x3/zm.html]
[perfect-coins.ltd/u/dashboard/assets/plugins/flag-icon-css/flags/1x1/zm.html]
[perfect-coins.ltd/u/dashboard/assets/plugins/flag-icon-css/flags/4x3/zw.html]
[perfect-coins.ltd/u/dashboard/assets/plugins/flag-icon-css/flags/1x1/zw.html]
[perfect-coins.ltd/u/dashboard/assets/plugins/flag-icon-css/flags/4x3/es-ct.html]
[perfect-coins.ltd/u/dashboard/assets/plugins/flag-icon-css/flags/1x1/es-ct.html]
[perfect-coins.ltd/u/dashboard/assets/plugins/flag-icon-css/flags/4x3/eu.html]
[perfect-coins.ltd/u/dashboard/assets/plugins/flag-icon-css/flags/1x1/eu.html]
[perfect-coins.ltd/u/dashboard/assets/plugins/flag-icon-css/flags/4x3/gb-eng.html]
[perfect-coins.ltd/u/dashboard/assets/plugins/flag-icon-css/flags/1x1/gb-eng.html]
[perfect-coins.ltd/u/dashboard/assets/plugins/flag-icon-css/flags/4x3/gb-nir.html]
[perfect-coins.ltd/u/dashboard/assets/plugins/flag-icon-css/flags/1x1/gb-nir.html]
[perfect-coins.ltd/u/dashboard/assets/plugins/flag-icon-css/flags/4x3/gb-sct.html]
[perfect-coins.ltd/u/dashboard/assets/plugins/flag-icon-css/flags/1x1/gb-sct.html]
[perfect-coins.ltd/u/dashboard/assets/plugins/flag-icon-css/flags/4x3/gb-wls.html]
[perfect-coins.ltd/u/dashboard/assets/plugins/flag-icon-css/flags/1x1/gb-wls.html]
[perfect-coins.ltd/u/dashboard/assets/plugins/flag-icon-css/flags/4x3/un.html]
[perfect-coins.ltd/u/dashboard/assets/plugins/flag-icon-css/flags/1x1/un.html]
[perfect-coins.ltd/u/dashboard/assets/img/photos/19.html]
[perfect-coins.ltd/u/dashboard/assets/img/media/4.html]
[perfect-coins.ltd/u/dashboard/assets/img/media/bgimage1.html]
[perfect-coins.ltd/u/dashboard/assets/img/media/bgimage2.html]
[perfect-coins.ltd/u/dashboard/assets/img/media/bgimage3.html]
[perfect-coins.ltd/u/dashboard/assets/img/media/bgimage4.html]
[perfect-coins.ltd/u/dashboard/assets/img/media/bgimage5.html]
[perfect-coins.ltd/u/dashboard/assets/plugins/fancyuploder/fancy_upload-dark.html]
[perfect-coins.ltd/u/dashboard/assets/plugins/fontawesome-free/webfonts/fa-brands-400.html]
[perfect-coins.ltd/u/dashboard/assets/plugins/fontawesome-free/webfonts/fa-brands-400d41d.html]
[perfect-coins.ltd/u/dashboard/assets/plugins/fontawesome-free/webfonts/fa-brands-401.html]
[perfect-coins.ltd/u/dashboard/assets/plugins/fontawesome-free/webfonts/fa-brands-402.html]
[perfect-coins.ltd/u/dashboard/assets/plugins/fontawesome-free/webfonts/fa-brands-403.html]
[perfect-coins.ltd/u/dashboard/assets/plugins/fontawesome-free/webfonts/fa-brands-404.html]
[perfect-coins.ltd/u/dashboard/assets/plugins/fontawesome-free/webfonts/fa-regular-400.html]
[perfect-coins.ltd/u/dashboard/assets/plugins/fontawesome-free/webfonts/fa-regular-400d41d.html]
[perfect-coins.ltd/u/dashboard/assets/plugins/fontawesome-free/webfonts/fa-regular-401.html]
[perfect-coins.ltd/u/dashboard/assets/plugins/fontawesome-free/webfonts/fa-regular-402.html]
[perfect-coins.ltd/u/dashboard/assets/plugins/fontawesome-free/webfonts/fa-regular-403.html]
[perfect-coins.ltd/u/dashboard/assets/plugins/fontawesome-free/webfonts/fa-regular-404.html]
[perfect-coins.ltd/u/dashboard/assets/plugins/fontawesome-free/webfonts/fa-solid-900.html]
[perfect-coins.ltd/u/dashboard/assets/plugins/fontawesome-free/webfonts/fa-solid-900d41d.html]
[perfect-coins.ltd/u/dashboard/assets/plugins/fontawesome-free/webfonts/fa-solid-901.html]
[perfect-coins.ltd/u/dashboard/assets/plugins/fontawesome-free/webfonts/fa-solid-902.html]
[perfect-coins.ltd/u/dashboard/assets/plugins/fontawesome-free/webfonts/fa-solid-903.html]
[perfect-coins.ltd/u/dashboard/assets/plugins/fontawesome-free/webfonts/fa-solid-904.html]
[perfect-coins.ltd/u/dashboard/assets/plugins/ionicons/fonts/ionicons53d0.html]
[perfect-coins.ltd/u/dashboard/assets/plugins/ionicons/fonts/ionicons53d0-2.html]
[perfect-coins.ltd/u/dashboard/assets/plugins/ionicons/fonts/ionicons53d0-3.html]
[perfect-coins.ltd/u/dashboard/assets/plugins/ionicons/fonts/ionicons53d0-4.html]
[perfect-coins.ltd/u/dashboard/assets/plugins/ionicons/fonts/ionicons53d0-5.html]
[perfect-coins.ltd/u/dashboard/assets/plugins/typicons.font/typicons.html]
[perfect-coins.ltd/u/dashboard/assets/plugins/typicons.font/typiconsd41d.html]
[perfect-coins.ltd/u/dashboard/assets/plugins/typicons.font/typicons-2.html]
[perfect-coins.ltd/u/dashboard/assets/plugins/typicons.font/typicons-3.html]
[perfect-coins.ltd/u/dashboard/assets/plugins/typicons.font/typicons-4.html]
[perfect-coins.ltd/u/dashboard/assets/plugins/materialdesignicons/fonts/materialdesignicons-webfontdf71.html]
[perfect-coins.ltd/u/dashboard/assets/plugins/materialdesignicons/fonts/materialdesignicons-webfontd41d.html]
[perfect-coins.ltd/u/dashboard/assets/plugins/materialdesignicons/fonts/materialdesignicons/materialdesignicons-webfontdf71.html]
[perfect-coins.ltd/u/dashboard/assets/plugins/materialdesignicons/fonts/materialdesignicons/materialdesignicons-webfontdf71-2.html]
[perfect-coins.ltd/u/dashboard/assets/plugins/materialdesignicons/fonts/materialdesignicons/materialdesignicons-webfontdf71-3.html]
[perfect-coins.ltd/u/dashboard/assets/plugins/materialdesignicons/fonts/Material-Design-Iconic-Fontd1f1.html]
[perfect-coins.ltd/u/dashboard/assets/plugins/materialdesignicons/fonts/Material-Design-Iconic-Fontd1f1-2.html]
[perfect-coins.ltd/u/dashboard/assets/plugins/materialdesignicons/fonts/Material-Design-Iconic-Fontd1f1-3.html]
[perfect-coins.ltd/u/dashboard/assets/plugins/themify/fonts/themify9f24.html]
[perfect-coins.ltd/u/dashboard/assets/plugins/themify/fonts/themifyd41d.html]
[perfect-coins.ltd/u/dashboard/assets/plugins/themify/fonts/themify9f24-2.html]
[perfect-coins.ltd/u/dashboard/assets/plugins/themify/fonts/themify9f24-3.html]
[perfect-coins.ltd/u/dashboard/assets/plugins/feather/fonts/feather/feather-webfont6cfa.html]
[perfect-coins.ltd/u/dashboard/assets/plugins/feather/fonts/feather/feather-webfont6cfa-2.html]
[perfect-coins.ltd/u/dashboard/assets/plugins/feather/fonts/feather/feather-webfont6cfa-3.html]
[perfect-coins.ltd/u/dashboard/assets/plugins/cryptofont/fonts/cryptofont-webfont.html]
[perfect-coins.ltd/u/dashboard/assets/plugins/cryptofont/fonts/cryptofont-webfontd41d.html]
[perfect-coins.ltd/u/dashboard/assets/plugins/cryptofont/fonts/cryptofont-webfont-2.html]
[perfect-coins.ltd/u/dashboard/assets/plugins/cryptofont/fonts/cryptofont-webfont-3.html]
[perfect-coins.ltd/u/dashboard/assets/plugins/line-awesome/fonts/la-brands-400.html]
[perfect-coins.ltd/u/dashboard/assets/plugins/line-awesome/fonts/la-brands-400d41d.html]
[perfect-coins.ltd/u/dashboard/assets/plugins/line-awesome/fonts/la-brands-401.html]
[perfect-coins.ltd/u/dashboard/assets/plugins/line-awesome/fonts/la-brands-402.html]
[perfect-coins.ltd/u/dashboard/assets/plugins/line-awesome/fonts/la-brands-403.html]
[perfect-coins.ltd/u/dashboard/assets/plugins/line-awesome/fonts/la-brands-404.html]
[perfect-coins.ltd/u/dashboard/assets/plugins/line-awesome/fonts/la-regular-400.html]
[perfect-coins.ltd/u/dashboard/assets/plugins/line-awesome/fonts/la-regular-400d41d.html]
[perfect-coins.ltd/u/dashboard/assets/plugins/line-awesome/fonts/la-regular-401.html]
[perfect-coins.ltd/u/dashboard/assets/plugins/line-awesome/fonts/la-regular-402.html]
[perfect-coins.ltd/u/dashboard/assets/plugins/line-awesome/fonts/la-regular-403.html]
[perfect-coins.ltd/u/dashboard/assets/plugins/line-awesome/fonts/la-regular-404.html]
[perfect-coins.ltd/u/dashboard/assets/plugins/line-awesome/fonts/la-solid-900.html]
[perfect-coins.ltd/u/dashboard/assets/plugins/line-awesome/fonts/la-solid-900d41d.html]
[perfect-coins.ltd/u/dashboard/assets/plugins/line-awesome/fonts/la-solid-901.html]
[perfect-coins.ltd/u/dashboard/assets/plugins/line-awesome/fonts/la-solid-902.html]
[perfect-coins.ltd/u/dashboard/assets/plugins/line-awesome/fonts/la-solid-903.html]
[perfect-coins.ltd/u/dashboard/assets/plugins/line-awesome/fonts/la-solid-904.html]
[perfect-coins.ltd/u/dashboard/assets/plugins/simple-line-icons/fonts/Simple-Line-Iconsb26c.html]
[perfect-coins.ltd/u/dashboard/assets/plugins/simple-line-icons/fonts/Simple-Line-Iconsb26c-2.html]
[perfect-coins.ltd/u/dashboard/assets/plugins/simple-line-icons/fonts/Simple-Line-Iconsb26c-3.html]
[perfect-coins.ltd/u/dashboard/assets/plugins/simple-line-icons/fonts/simple-line-icons/Simple-Line-Iconsb26c.html]
[perfect-coins.ltd/u/dashboard/assets/plugins/simple-line-icons/fonts/simple-line-icons/Simple-Line-Iconsb26c-2.html]
[perfect-coins.ltd/u/dashboard/assets/plugins/flag-icon-css/flags/1x1/gl.html]
[perfect-coins.ltd/u/dashboard/assets/plugins/flag-icon-css/flags/4x3/kw.html]
